T+0000s available=115.7GiB | 
T+0002s available=115.7GiB | 
T+0004s available=115.6GiB | 
T+0006s available=115.6GiB | 
T+0008s available=115.5GiB | 
T+0010s available=115.5GiB | 
T+0012s available=115.1GiB | (APIServer pid=1) [transformers] Unrecognized keys in `rope_parameters` for 'rope_type'='default': {'mrope_interleaved', 'mrope_section'}
T+0014s available=114.9GiB | (APIServer pid=1) [transformers] Unrecognized keys in `rope_parameters` for 'rope_type'='default': {'mrope_interleaved', 'mrope_section'}
T+0016s available=114.9GiB | (APIServer pid=1) [transformers] Unrecognized keys in `rope_parameters` for 'rope_type'='default': {'mrope_interleaved', 'mrope_section'}
T+0018s available=114.8GiB | (APIServer pid=1) [transformers] Unrecognized keys in `rope_parameters` for 'rope_type'='default': {'mrope_interleaved', 'mrope_section'}
T+0020s available=114.1GiB | (APIServer pid=1) [transformers] Unrecognized keys in `rope_parameters` for 'rope_type'='default': {'mrope_interleaved', 'mrope_section'}
T+0022s available=115.4GiB | (APIServer pid=1) INFO 09-07 21:24:25 [model.py:1965] Using max model len 262144
T+0024s available=114.8GiB | (APIServer pid=1) [transformers] Unrecognized keys in `rope_parameters` for 'rope_type'='default': {'mrope_interleaved', 'mrope_section'}
T+0026s available=114.7GiB | (APIServer pid=1) [transformers] Unrecognized keys in `rope_parameters` for 'rope_type'='default': {'mrope_interleaved', 'mrope_section'}
T+0028s available=114.5GiB | (APIServer pid=1) [transformers] Unrecognized keys in `rope_parameters` for 'rope_type'='default': {'mrope_interleaved', 'mrope_section'}
T+0030s available=115.0GiB | (APIServer pid=1) INFO 09-07 21:24:33 [compilation.py:329] Enabled custom fusions: norm_quant, act_quant
T+0032s available=114.8GiB | (APIServer pid=1) INFO 09-07 21:24:33 [compilation.py:329] Enabled custom fusions: norm_quant, act_quant
T+0034s available=114.4GiB | (APIServer pid=1) [transformers] Unrecognized keys in `rope_parameters` for 'rope_type'='default': {'mrope_interleaved', 'mrope_section'}
T+0036s available=114.3GiB | (APIServer pid=1) [transformers] Unrecognized keys in `rope_parameters` for 'rope_type'='default': {'mrope_interleaved', 'mrope_section'}
T+0038s available=113.9GiB | (APIServer pid=1) [transformers] Unrecognized keys in `rope_parameters` for 'rope_type'='default': {'mrope_interleaved', 'mrope_section'}
T+0040s available=113.8GiB | (APIServer pid=1) [transformers] Unrecognized keys in `rope_parameters` for 'rope_type'='default': {'mrope_interleaved', 'mrope_section'}
T+0042s available=112.8GiB | (EngineCore pid=369) INFO 09-07 21:24:45 [multiproc_executor.py:150] DP group leader: node_rank=0, node_rank_within_dp=0, master_addr=192.168.101.14, mq_connect
T+0045s available=112.9GiB | (EngineCore pid=369) INFO 09-07 21:24:45 [multiproc_executor.py:150] DP group leader: node_rank=0, node_rank_within_dp=0, master_addr=192.168.101.14, mq_connect
T+0047s available=112.8GiB | (EngineCore pid=369) INFO 09-07 21:24:45 [multiproc_executor.py:150] DP group leader: node_rank=0, node_rank_within_dp=0, master_addr=192.168.101.14, mq_connect
T+0049s available=112.7GiB | (Worker pid=441) INFO 09-07 21:24:51 [parallel_state.py:1638] world_size=2 rank=0 local_rank=0 distributed_init_method=tcp://192.168.101.14:25400 backend=nccl
T+0051s available=112.7GiB | (Worker pid=441) INFO 09-07 21:24:51 [parallel_state.py:1638] world_size=2 rank=0 local_rank=0 distributed_init_method=tcp://192.168.101.14:25400 backend=nccl
T+0053s available=111.7GiB | (Worker pid=441) INFO 09-07 21:24:55 [cuda_communicator.py:266] Using ['PYNCCL'] all-reduce backends (in dispatch order) for group 'tp:0' out of potential backe
T+0055s available=77.4GiB | (Worker_TP0_EP0 pid=441) INFO 09-07 21:24:57 [flash_attn.py:911] Using FlashAttention version 2
T+0057s available=47.7GiB | (Worker_TP0_EP0 pid=441) Loading safetensors checkpoint shards:   0% Completed | 0/206 [00:00<?, ?it/s]
T+0059s available=47.4GiB | (Worker_TP0_EP0 pid=441) Loading safetensors checkpoint shards:   0% Completed | 0/206 [00:00<?, ?it/s]
T+0061s available=47.1GiB | (Worker_TP0_EP0 pid=441) Loading safetensors checkpoint shards:   0% Completed | 1/206 [00:02<08:39,  2.53s/it]
T+0063s available=47.4GiB | (Worker_TP0_EP0 pid=441) Loading safetensors checkpoint shards:   2% Completed | 4/206 [00:05<03:25,  1.02s/it]
T+0065s available=47.3GiB | (Worker_TP0_EP0 pid=441) Loading safetensors checkpoint shards:   2% Completed | 5/206 [00:07<04:36,  1.38s/it]
T+0067s available=47.5GiB | (Worker_TP0_EP0 pid=441) Loading safetensors checkpoint shards:   4% Completed | 8/206 [00:10<03:10,  1.04it/s]
T+0069s available=47.3GiB | (Worker_TP0_EP0 pid=441) Loading safetensors checkpoint shards:   4% Completed | 9/206 [00:12<04:11,  1.27s/it]
T+0071s available=47.4GiB | (Worker_TP0_EP0 pid=441) Loading safetensors checkpoint shards:   5% Completed | 10/206 [00:14<04:55,  1.51s/it]
T+0073s available=47.5GiB | (Worker_TP0_EP0 pid=441) Loading safetensors checkpoint shards:   6% Completed | 12/206 [00:15<03:04,  1.05it/s]
T+0075s available=47.4GiB | (Worker_TP0_EP0 pid=441) Loading safetensors checkpoint shards:   6% Completed | 13/206 [00:17<04:02,  1.26s/it]
T+0077s available=47.6GiB | (Worker_TP0_EP0 pid=441) Loading safetensors checkpoint shards:   8% Completed | 16/206 [00:19<02:54,  1.09it/s]
T+0079s available=47.5GiB | (Worker_TP0_EP0 pid=441) Loading safetensors checkpoint shards:   8% Completed | 17/206 [00:21<03:52,  1.23s/it]
T+0081s available=47.8GiB | (Worker_TP0_EP0 pid=441) Loading safetensors checkpoint shards:   9% Completed | 19/206 [00:24<03:36,  1.16s/it]
T+0083s available=47.4GiB | (Worker_TP0_EP0 pid=441) Loading safetensors checkpoint shards:  10% Completed | 21/206 [00:26<03:48,  1.23s/it]
T+0085s available=47.3GiB | (Worker_TP0_EP0 pid=441) Loading safetensors checkpoint shards:  10% Completed | 21/206 [00:26<03:48,  1.23s/it]
T+0087s available=47.6GiB | (Worker_TP0_EP0 pid=441) Loading safetensors checkpoint shards:  12% Completed | 24/206 [00:29<02:51,  1.06it/s]
T+0089s available=47.4GiB | (Worker_TP0_EP0 pid=441) Loading safetensors checkpoint shards:  12% Completed | 25/206 [00:31<03:50,  1.27s/it]
T+0091s available=47.8GiB | (Worker_TP0_EP0 pid=441) Loading safetensors checkpoint shards:  14% Completed | 28/206 [00:34<02:44,  1.08it/s]
T+0093s available=47.6GiB | (Worker_TP0_EP0 pid=441) Loading safetensors checkpoint shards:  14% Completed | 29/206 [00:36<03:38,  1.23s/it]
T+0095s available=47.8GiB | (Worker_TP0_EP0 pid=441) Loading safetensors checkpoint shards:  15% Completed | 31/206 [00:38<03:21,  1.15s/it]
T+0097s available=47.5GiB | (Worker_TP0_EP0 pid=441) Loading safetensors checkpoint shards:  16% Completed | 32/206 [00:39<02:48,  1.03it/s]
T+0099s available=47.5GiB | (Worker_TP0_EP0 pid=441) Loading safetensors checkpoint shards:  16% Completed | 33/206 [00:41<03:39,  1.27s/it]
T+0102s available=47.8GiB | (Worker_TP0_EP0 pid=441) Loading safetensors checkpoint shards:  17% Completed | 36/206 [00:44<03:00,  1.06s/it]
T+0104s available=47.6GiB | (Worker_TP0_EP0 pid=441) Loading safetensors checkpoint shards:  18% Completed | 37/206 [00:46<03:45,  1.33s/it]
T+0106s available=47.7GiB | (Worker_TP0_EP0 pid=441) Loading safetensors checkpoint shards:  18% Completed | 38/206 [00:48<04:20,  1.55s/it]
T+0108s available=47.5GiB | (Worker_TP0_EP0 pid=441) Loading safetensors checkpoint shards:  19% Completed | 40/206 [00:49<02:48,  1.01s/it]
T+0110s available=47.4GiB | (Worker_TP0_EP0 pid=441) Loading safetensors checkpoint shards:  20% Completed | 41/206 [00:51<03:38,  1.32s/it]
T+0112s available=47.7GiB | (Worker_TP0_EP0 pid=441) Loading safetensors checkpoint shards:  21% Completed | 44/206 [00:54<02:43,  1.01s/it]
T+0114s available=47.5GiB | (Worker_TP0_EP0 pid=441) Loading safetensors checkpoint shards:  22% Completed | 45/206 [00:57<03:40,  1.37s/it]
T+0116s available=47.3GiB | (Worker_TP0_EP0 pid=441) Loading safetensors checkpoint shards:  22% Completed | 45/206 [00:57<03:40,  1.37s/it]
T+0118s available=47.6GiB | (Worker_TP0_EP0 pid=441) Loading safetensors checkpoint shards:  23% Completed | 48/206 [01:00<02:44,  1.04s/it]
T+0120s available=47.5GiB | (Worker_TP0_EP0 pid=441) Loading safetensors checkpoint shards:  24% Completed | 49/206 [01:02<03:28,  1.33s/it]
T+0122s available=47.8GiB | (Worker_TP0_EP0 pid=441) Loading safetensors checkpoint shards:  25% Completed | 52/206 [01:05<02:31,  1.01it/s]
T+0124s available=47.6GiB | (Worker_TP0_EP0 pid=441) Loading safetensors checkpoint shards:  26% Completed | 53/206 [01:07<03:17,  1.29s/it]
T+0126s available=47.7GiB | (Worker_TP0_EP0 pid=441) Loading safetensors checkpoint shards:  26% Completed | 54/206 [01:09<03:50,  1.51s/it]
T+0128s available=47.6GiB | (Worker_TP0_EP0 pid=441) Loading safetensors checkpoint shards:  27% Completed | 56/206 [01:10<02:26,  1.02it/s]
T+0130s available=47.5GiB | (Worker_TP0_EP0 pid=441) Loading safetensors checkpoint shards:  28% Completed | 57/206 [01:12<03:11,  1.29s/it]
T+0132s available=47.8GiB | (Worker_TP0_EP0 pid=441) Loading safetensors checkpoint shards:  29% Completed | 60/206 [01:15<02:24,  1.01it/s]
T+0134s available=47.7GiB | (Worker_TP0_EP0 pid=441) Loading safetensors checkpoint shards:  30% Completed | 61/206 [01:17<03:07,  1.30s/it]
T+0136s available=47.8GiB | (Worker_TP0_EP0 pid=441) Loading safetensors checkpoint shards:  30% Completed | 62/206 [01:19<03:38,  1.52s/it]
T+0138s available=47.6GiB | (Worker_TP0_EP0 pid=441) Loading safetensors checkpoint shards:  31% Completed | 64/206 [01:20<02:16,  1.04it/s]
T+0140s available=47.4GiB | (Worker_TP0_EP0 pid=441) Loading safetensors checkpoint shards:  32% Completed | 65/206 [01:22<02:59,  1.27s/it]
T+0142s available=47.7GiB | (Worker_TP0_EP0 pid=441) Loading safetensors checkpoint shards:  33% Completed | 68/206 [01:25<02:08,  1.07it/s]
T+0144s available=47.5GiB | (Worker_TP0_EP0 pid=441) Loading safetensors checkpoint shards:  33% Completed | 69/206 [01:27<02:51,  1.25s/it]
T+0146s available=47.8GiB | (Worker_TP0_EP0 pid=441) Loading safetensors checkpoint shards:  34% Completed | 71/206 [01:29<02:35,  1.15s/it]
T+0148s available=47.5GiB | (Worker_TP0_EP0 pid=441) Loading safetensors checkpoint shards:  35% Completed | 72/206 [01:29<02:03,  1.09it/s]
T+0150s available=47.3GiB | (Worker_TP0_EP0 pid=441) Loading safetensors checkpoint shards:  35% Completed | 73/206 [01:31<02:44,  1.24s/it]
T+0152s available=47.6GiB | (Worker_TP0_EP0 pid=441) Loading safetensors checkpoint shards:  37% Completed | 76/206 [01:34<01:57,  1.10it/s]
T+0154s available=47.5GiB | (Worker_TP0_EP0 pid=441) Loading safetensors checkpoint shards:  37% Completed | 77/206 [01:36<02:45,  1.28s/it]
T+0156s available=47.8GiB | (Worker_TP0_EP0 pid=441) Loading safetensors checkpoint shards:  39% Completed | 80/206 [01:39<01:59,  1.06it/s]
T+0158s available=47.6GiB | (Worker_TP0_EP0 pid=441) Loading safetensors checkpoint shards:  39% Completed | 81/206 [01:41<02:37,  1.26s/it]
T+0161s available=47.8GiB | (Worker_TP0_EP0 pid=441) Loading safetensors checkpoint shards:  40% Completed | 82/206 [01:43<03:04,  1.49s/it]
T+0163s available=47.6GiB | (Worker_TP0_EP0 pid=441) Loading safetensors checkpoint shards:  41% Completed | 84/206 [01:44<01:52,  1.08it/s]
T+0165s available=47.4GiB | (Worker_TP0_EP0 pid=441) Loading safetensors checkpoint shards:  41% Completed | 85/206 [01:46<02:30,  1.24s/it]
T+0167s available=47.7GiB | (Worker_TP0_EP0 pid=441) Loading safetensors checkpoint shards:  43% Completed | 88/206 [01:49<01:49,  1.07it/s]
T+0169s available=47.7GiB | (Worker_TP0_EP0 pid=441) Loading safetensors checkpoint shards:  43% Completed | 89/206 [01:51<02:36,  1.34s/it]
T+0171s available=47.5GiB | (Worker_TP0_EP0 pid=441) Loading safetensors checkpoint shards:  43% Completed | 89/206 [01:51<02:36,  1.34s/it]
T+0173s available=47.7GiB | (Worker_TP0_EP0 pid=441) Loading safetensors checkpoint shards:  45% Completed | 92/206 [01:55<02:02,  1.08s/it]
T+0175s available=47.5GiB | (Worker_TP0_EP0 pid=441) Loading safetensors checkpoint shards:  45% Completed | 93/206 [01:57<02:32,  1.35s/it]
T+0177s available=47.8GiB | (Worker_TP0_EP0 pid=441) Loading safetensors checkpoint shards:  47% Completed | 96/206 [02:00<01:50,  1.00s/it]
T+0179s available=47.6GiB | (Worker_TP0_EP0 pid=441) Loading safetensors checkpoint shards:  47% Completed | 97/206 [02:02<02:21,  1.30s/it]
T+0181s available=47.7GiB | (Worker_TP0_EP0 pid=441) Loading safetensors checkpoint shards:  48% Completed | 98/206 [02:04<02:43,  1.51s/it]
T+0183s available=47.6GiB | (Worker_TP0_EP0 pid=441) Loading safetensors checkpoint shards:  49% Completed | 100/206 [02:05<01:42,  1.03it/s]
T+0185s available=47.4GiB | (Worker_TP0_EP0 pid=441) Loading safetensors checkpoint shards:  49% Completed | 101/206 [02:07<02:13,  1.27s/it]
T+0187s available=47.8GiB | (Worker_TP0_EP0 pid=441) Loading safetensors checkpoint shards:  50% Completed | 104/206 [02:10<01:39,  1.03it/s]
T+0189s available=47.6GiB | (Worker_TP0_EP0 pid=441) Loading safetensors checkpoint shards:  51% Completed | 105/206 [02:12<02:08,  1.28s/it]
T+0191s available=47.8GiB | (Worker_TP0_EP0 pid=441) Loading safetensors checkpoint shards:  52% Completed | 107/206 [02:14<01:58,  1.20s/it]
T+0193s available=47.5GiB | (Worker_TP0_EP0 pid=441) Loading safetensors checkpoint shards:  52% Completed | 108/206 [02:14<01:35,  1.03it/s]
T+0195s available=47.4GiB | (Worker_TP0_EP0 pid=441) Loading safetensors checkpoint shards:  53% Completed | 109/206 [02:16<02:03,  1.28s/it]
T+0197s available=47.5GiB | (Worker_TP0_EP0 pid=441) Loading safetensors checkpoint shards:  54% Completed | 112/206 [02:19<01:28,  1.06it/s]
T+0199s available=47.4GiB | (Worker_TP0_EP0 pid=441) Loading safetensors checkpoint shards:  55% Completed | 113/206 [02:21<01:56,  1.26s/it]
T+0201s available=47.7GiB | (Worker_TP0_EP0 pid=441) Loading safetensors checkpoint shards:  56% Completed | 116/206 [02:24<01:22,  1.09it/s]
T+0203s available=47.5GiB | (Worker_TP0_EP0 pid=441) Loading safetensors checkpoint shards:  57% Completed | 117/206 [02:26<01:50,  1.24s/it]
T+0205s available=47.6GiB | (Worker_TP0_EP0 pid=441) Loading safetensors checkpoint shards:  57% Completed | 118/206 [02:28<02:14,  1.53s/it]
T+0207s available=47.5GiB | (Worker_TP0_EP0 pid=441) Loading safetensors checkpoint shards:  58% Completed | 120/206 [02:29<01:23,  1.02it/s]
T+0209s available=47.3GiB | (Worker_TP0_EP0 pid=441) Loading safetensors checkpoint shards:  59% Completed | 121/206 [02:31<01:51,  1.31s/it]
T+0211s available=47.7GiB | (Worker_TP0_EP0 pid=441) Loading safetensors checkpoint shards:  60% Completed | 124/206 [02:34<01:20,  1.02it/s]
T+0213s available=47.5GiB | (Worker_TP0_EP0 pid=441) Loading safetensors checkpoint shards:  61% Completed | 125/206 [02:36<01:44,  1.29s/it]
T+0215s available=47.6GiB | (Worker_TP0_EP0 pid=441) Loading safetensors checkpoint shards:  61% Completed | 126/206 [02:38<02:01,  1.51s/it]
T+0217s available=47.6GiB | (Worker_TP0_EP0 pid=441) Loading safetensors checkpoint shards:  62% Completed | 128/206 [02:39<01:14,  1.04it/s]
T+0220s available=47.5GiB | (Worker_TP0_EP0 pid=441) Loading safetensors checkpoint shards:  63% Completed | 129/206 [02:41<01:37,  1.27s/it]
T+0222s available=47.7GiB | (Worker_TP0_EP0 pid=441) Loading safetensors checkpoint shards:  64% Completed | 132/206 [02:44<01:09,  1.07it/s]
T+0224s available=47.5GiB | (Worker_TP0_EP0 pid=441) Loading safetensors checkpoint shards:  65% Completed | 133/206 [02:46<01:32,  1.27s/it]
T+0226s available=47.7GiB | (Worker_TP0_EP0 pid=441) Loading safetensors checkpoint shards:  66% Completed | 135/206 [02:49<01:24,  1.20s/it]
T+0228s available=47.4GiB | (Worker_TP0_EP0 pid=441) Loading safetensors checkpoint shards:  66% Completed | 136/206 [02:49<01:07,  1.03it/s]
T+0230s available=47.2GiB | (Worker_TP0_EP0 pid=441) Loading safetensors checkpoint shards:  67% Completed | 137/206 [02:51<01:28,  1.28s/it]
T+0232s available=47.5GiB | (Worker_TP0_EP0 pid=441) Loading safetensors checkpoint shards:  68% Completed | 140/206 [02:54<01:03,  1.04it/s]
T+0234s available=47.4GiB | (Worker_TP0_EP0 pid=441) Loading safetensors checkpoint shards:  68% Completed | 141/206 [02:56<01:22,  1.27s/it]
T+0236s available=47.7GiB | (Worker_TP0_EP0 pid=441) Loading safetensors checkpoint shards:  69% Completed | 143/206 [02:58<01:15,  1.20s/it]
T+0238s available=47.5GiB | (Worker_TP0_EP0 pid=441) Loading safetensors checkpoint shards:  70% Completed | 145/206 [03:01<01:17,  1.28s/it]
T+0240s available=47.5GiB | (Worker_TP0_EP0 pid=441) Loading safetensors checkpoint shards:  71% Completed | 146/206 [03:03<01:30,  1.50s/it]
T+0242s available=47.6GiB | (Worker_TP0_EP0 pid=441) Loading safetensors checkpoint shards:  72% Completed | 148/206 [03:04<00:53,  1.08it/s]
T+0244s available=47.4GiB | (Worker_TP0_EP0 pid=441) Loading safetensors checkpoint shards:  72% Completed | 149/206 [03:06<01:11,  1.25s/it]
T+0246s available=47.7GiB | (Worker_TP0_EP0 pid=441) Loading safetensors checkpoint shards:  74% Completed | 152/206 [03:08<00:50,  1.08it/s]
T+0248s available=47.6GiB | (Worker_TP0_EP0 pid=441) Loading safetensors checkpoint shards:  74% Completed | 153/206 [03:11<01:06,  1.25s/it]
T+0250s available=47.8GiB | (Worker_TP0_EP0 pid=441) Loading safetensors checkpoint shards:  75% Completed | 154/206 [03:13<01:19,  1.53s/it]
T+0252s available=47.6GiB | (Worker_TP0_EP0 pid=441) Loading safetensors checkpoint shards:  76% Completed | 156/206 [03:14<00:48,  1.03it/s]
T+0254s available=47.4GiB | (Worker_TP0_EP0 pid=441) Loading safetensors checkpoint shards:  76% Completed | 157/206 [03:16<01:05,  1.33s/it]
T+0256s available=47.8GiB | (Worker_TP0_EP0 pid=441) Loading safetensors checkpoint shards:  78% Completed | 160/206 [03:19<00:45,  1.01it/s]
T+0258s available=47.6GiB | (Worker_TP0_EP0 pid=441) Loading safetensors checkpoint shards:  78% Completed | 161/206 [03:21<00:58,  1.30s/it]
T+0260s available=47.8GiB | (Worker_TP0_EP0 pid=441) Loading safetensors checkpoint shards:  79% Completed | 163/206 [03:23<00:51,  1.20s/it]
T+0262s available=47.6GiB | (Worker_TP0_EP0 pid=441) Loading safetensors checkpoint shards:  80% Completed | 164/206 [03:24<00:40,  1.03it/s]
T+0264s available=47.4GiB | (Worker_TP0_EP0 pid=441) Loading safetensors checkpoint shards:  80% Completed | 165/206 [03:26<00:53,  1.29s/it]
T+0266s available=47.7GiB | (Worker_TP0_EP0 pid=441) Loading safetensors checkpoint shards:  82% Completed | 168/206 [03:29<00:37,  1.03it/s]
T+0268s available=47.6GiB | (Worker_TP0_EP0 pid=441) Loading safetensors checkpoint shards:  82% Completed | 169/206 [03:31<00:49,  1.33s/it]
T+0270s available=47.8GiB | (Worker_TP0_EP0 pid=441) Loading safetensors checkpoint shards:  83% Completed | 170/206 [03:33<00:57,  1.59s/it]
T+0272s available=47.6GiB | (Worker_TP0_EP0 pid=441) Loading safetensors checkpoint shards:  83% Completed | 172/206 [03:34<00:34,  1.01s/it]
T+0274s available=47.4GiB | (Worker_TP0_EP0 pid=441) Loading safetensors checkpoint shards:  84% Completed | 173/206 [03:36<00:44,  1.35s/it]
T+0277s available=47.8GiB | (Worker_TP0_EP0 pid=441) Loading safetensors checkpoint shards:  85% Completed | 176/206 [03:39<00:30,  1.02s/it]
T+0279s available=47.6GiB | (Worker_TP0_EP0 pid=441) Loading safetensors checkpoint shards:  86% Completed | 177/206 [03:41<00:38,  1.32s/it]
T+0281s available=47.7GiB | (Worker_TP0_EP0 pid=441) Loading safetensors checkpoint shards:  86% Completed | 178/206 [03:44<00:45,  1.63s/it]
T+0283s available=47.5GiB | (Worker_TP0_EP0 pid=441) Loading safetensors checkpoint shards:  87% Completed | 180/206 [03:44<00:25,  1.01it/s]
T+0285s available=47.4GiB | (Worker_TP0_EP0 pid=441) Loading safetensors checkpoint shards:  88% Completed | 181/206 [03:47<00:34,  1.40s/it]
T+0287s available=47.7GiB | (Worker_TP0_EP0 pid=441) Loading safetensors checkpoint shards:  89% Completed | 183/206 [03:49<00:29,  1.30s/it]
T+0289s available=47.6GiB | (Worker_TP0_EP0 pid=441) Loading safetensors checkpoint shards:  89% Completed | 184/206 [03:50<00:23,  1.05s/it]
T+0291s available=47.5GiB | (Worker_TP0_EP0 pid=441) Loading safetensors checkpoint shards:  90% Completed | 185/206 [03:52<00:28,  1.33s/it]
T+0293s available=47.8GiB | (Worker_TP0_EP0 pid=441) Loading safetensors checkpoint shards:  91% Completed | 188/206 [03:55<00:17,  1.00it/s]
T+0295s available=47.8GiB | (Worker_TP0_EP0 pid=441) Loading safetensors checkpoint shards:  92% Completed | 189/206 [03:57<00:22,  1.30s/it]
T+0297s available=47.9GiB | (Worker_TP0_EP0 pid=441) Loading safetensors checkpoint shards:  93% Completed | 192/206 [04:00<00:13,  1.06it/s]
T+0299s available=47.5GiB | (Worker_TP0_EP0 pid=441) Loading safetensors checkpoint shards:  93% Completed | 192/206 [04:00<00:13,  1.06it/s]
T+0301s available=47.8GiB | (Worker_TP0_EP0 pid=441) Loading safetensors checkpoint shards:  94% Completed | 193/206 [04:03<00:20,  1.61s/it]
T+0303s available=47.5GiB | (Worker_TP0_EP0 pid=441) Loading safetensors checkpoint shards:  94% Completed | 194/206 [04:04<00:17,  1.50s/it]
T+0305s available=47.0GiB | (Worker_TP0_EP0 pid=441) Loading safetensors checkpoint shards:  94% Completed | 194/206 [04:04<00:17,  1.50s/it]
T+0307s available=46.6GiB | (Worker_TP0_EP0 pid=441) Loading safetensors checkpoint shards:  94% Completed | 194/206 [04:04<00:17,  1.50s/it]
T+0309s available=46.2GiB | (Worker_TP0_EP0 pid=441) Loading safetensors checkpoint shards:  94% Completed | 194/206 [04:04<00:17,  1.50s/it]
T+0311s available=45.9GiB | (Worker_TP0_EP0 pid=441) Loading safetensors checkpoint shards:  94% Completed | 194/206 [04:04<00:17,  1.50s/it]
T+0313s available=45.5GiB | (Worker_TP0_EP0 pid=441) Loading safetensors checkpoint shards:  94% Completed | 194/206 [04:04<00:17,  1.50s/it]
T+0315s available=47.8GiB | (Worker_TP0_EP0 pid=441) Loading safetensors checkpoint shards:  95% Completed | 195/206 [04:18<00:56,  5.17s/it]
T+0317s available=47.5GiB | (Worker_TP0_EP0 pid=441) Loading safetensors checkpoint shards:  95% Completed | 195/206 [04:18<00:56,  5.17s/it]
T+0319s available=47.2GiB | (Worker_TP0_EP0 pid=441) Loading safetensors checkpoint shards:  95% Completed | 195/206 [04:18<00:56,  5.17s/it]
T+0321s available=46.9GiB | (Worker_TP0_EP0 pid=441) Loading safetensors checkpoint shards:  95% Completed | 195/206 [04:18<00:56,  5.17s/it]
T+0323s available=46.6GiB | (Worker_TP0_EP0 pid=441) Loading safetensors checkpoint shards:  95% Completed | 195/206 [04:18<00:56,  5.17s/it]
T+0325s available=46.4GiB | (Worker_TP0_EP0 pid=441) Loading safetensors checkpoint shards:  95% Completed | 195/206 [04:18<00:56,  5.17s/it]
T+0327s available=46.6GiB | (Worker_TP0_EP0 pid=441) Loading safetensors checkpoint shards:  95% Completed | 196/206 [04:29<01:10,  7.07s/it]
T+0330s available=46.8GiB | (Worker_TP0_EP0 pid=441) Loading safetensors checkpoint shards:  96% Completed | 197/206 [04:32<00:52,  5.87s/it]
T+0332s available=47.3GiB | (Worker_TP0_EP0 pid=441) Loading safetensors checkpoint shards:  96% Completed | 197/206 [04:32<00:52,  5.87s/it]
T+0334s available=47.0GiB | (Worker_TP0_EP0 pid=441) Loading safetensors checkpoint shards:  96% Completed | 197/206 [04:32<00:52,  5.87s/it]
T+0336s available=45.7GiB | (Worker_TP0_EP0 pid=441) Loading safetensors checkpoint shards:  96% Completed | 198/206 [04:38<00:45,  5.68s/it]
T+0338s available=45.4GiB | (Worker_TP0_EP0 pid=441) Loading safetensors checkpoint shards:  96% Completed | 198/206 [04:38<00:45,  5.68s/it]
T+0340s available=46.8GiB | (Worker_TP0_EP0 pid=441) Loading safetensors checkpoint shards:  97% Completed | 199/206 [04:41<00:35,  5.03s/it]
T+0342s available=46.3GiB | (Worker_TP0_EP0 pid=441) Loading safetensors checkpoint shards:  97% Completed | 199/206 [04:41<00:35,  5.03s/it]
T+0344s available=46.0GiB | (Worker_TP0_EP0 pid=441) Loading safetensors checkpoint shards:  97% Completed | 199/206 [04:41<00:35,  5.03s/it]
T+0346s available=45.7GiB | (Worker_TP0_EP0 pid=441) Loading safetensors checkpoint shards:  97% Completed | 199/206 [04:41<00:35,  5.03s/it]
T+0348s available=45.4GiB | (Worker_TP0_EP0 pid=441) Loading safetensors checkpoint shards:  97% Completed | 199/206 [04:41<00:35,  5.03s/it]
T+0350s available=45.1GiB | (Worker_TP0_EP0 pid=441) Loading safetensors checkpoint shards:  97% Completed | 199/206 [04:41<00:35,  5.03s/it]
T+0352s available=44.8GiB | (Worker_TP0_EP0 pid=441) Loading safetensors checkpoint shards:  97% Completed | 199/206 [04:41<00:35,  5.03s/it]
T+0354s available=44.5GiB | (Worker_TP0_EP0 pid=441) Loading safetensors checkpoint shards:  97% Completed | 199/206 [04:41<00:35,  5.03s/it]
T+0356s available=44.3GiB | (Worker_TP0_EP0 pid=441) Loading safetensors checkpoint shards:  97% Completed | 199/206 [04:41<00:35,  5.03s/it]
T+0358s available=43.9GiB | (Worker_TP0_EP0 pid=441) Loading safetensors checkpoint shards:  97% Completed | 199/206 [04:41<00:35,  5.03s/it]
T+0360s available=43.6GiB | (Worker_TP0_EP0 pid=441) Loading safetensors checkpoint shards:  97% Completed | 199/206 [04:41<00:35,  5.03s/it]
T+0362s available=43.3GiB | (Worker_TP0_EP0 pid=441) Loading safetensors checkpoint shards:  97% Completed | 199/206 [04:41<00:35,  5.03s/it]
T+0364s available=43.0GiB | (Worker_TP0_EP0 pid=441) Loading safetensors checkpoint shards:  97% Completed | 199/206 [04:41<00:35,  5.03s/it]
T+0366s available=42.8GiB | (Worker_TP0_EP0 pid=441) Loading safetensors checkpoint shards:  97% Completed | 199/206 [04:41<00:35,  5.03s/it]
T+0368s available=47.3GiB | (Worker_TP0_EP0 pid=441) Loading safetensors checkpoint shards:  97% Completed | 200/206 [05:10<01:12, 12.08s/it]
T+0370s available=47.0GiB | (Worker_TP0_EP0 pid=441) Loading safetensors checkpoint shards:  97% Completed | 200/206 [05:10<01:12, 12.08s/it]
T+0372s available=46.7GiB | (Worker_TP0_EP0 pid=441) Loading safetensors checkpoint shards:  97% Completed | 200/206 [05:10<01:12, 12.08s/it]
T+0374s available=46.5GiB | (Worker_TP0_EP0 pid=441) Loading safetensors checkpoint shards:  97% Completed | 200/206 [05:10<01:12, 12.08s/it]
T+0376s available=45.9GiB | (Worker_TP0_EP0 pid=441) Loading safetensors checkpoint shards:  97% Completed | 200/206 [05:10<01:12, 12.08s/it]
T+0378s available=45.6GiB | (Worker_TP0_EP0 pid=441) Loading safetensors checkpoint shards:  97% Completed | 200/206 [05:10<01:12, 12.08s/it]
T+0380s available=45.3GiB | (Worker_TP0_EP0 pid=441) Loading safetensors checkpoint shards:  97% Completed | 200/206 [05:10<01:12, 12.08s/it]
T+0382s available=45.0GiB | (Worker_TP0_EP0 pid=441) Loading safetensors checkpoint shards:  97% Completed | 200/206 [05:10<01:12, 12.08s/it]
T+0385s available=44.7GiB | (Worker_TP0_EP0 pid=441) Loading safetensors checkpoint shards:  97% Completed | 200/206 [05:10<01:12, 12.08s/it]
T+0387s available=44.4GiB | (Worker_TP0_EP0 pid=441) Loading safetensors checkpoint shards:  97% Completed | 200/206 [05:10<01:12, 12.08s/it]
T+0389s available=44.1GiB | (Worker_TP0_EP0 pid=441) Loading safetensors checkpoint shards:  97% Completed | 200/206 [05:10<01:12, 12.08s/it]
T+0391s available=43.8GiB | (Worker_TP0_EP0 pid=441) Loading safetensors checkpoint shards:  97% Completed | 200/206 [05:10<01:12, 12.08s/it]
T+0393s available=43.5GiB | (Worker_TP0_EP0 pid=441) Loading safetensors checkpoint shards:  97% Completed | 200/206 [05:10<01:12, 12.08s/it]
T+0395s available=43.2GiB | (Worker_TP0_EP0 pid=441) Loading safetensors checkpoint shards:  97% Completed | 200/206 [05:10<01:12, 12.08s/it]
T+0397s available=42.9GiB | (Worker_TP0_EP0 pid=441) Loading safetensors checkpoint shards:  97% Completed | 200/206 [05:10<01:12, 12.08s/it]
T+0399s available=45.9GiB | (Worker_TP0_EP0 pid=441) Loading safetensors checkpoint shards:  98% Completed | 201/206 [05:41<01:29, 17.95s/it]
T+0401s available=47.2GiB | (Worker_TP0_EP0 pid=441) Loading safetensors checkpoint shards:  98% Completed | 201/206 [05:41<01:29, 17.95s/it]
T+0403s available=46.9GiB | (Worker_TP0_EP0 pid=441) Loading safetensors checkpoint shards:  98% Completed | 201/206 [05:41<01:29, 17.95s/it]
T+0405s available=46.6GiB | (Worker_TP0_EP0 pid=441) Loading safetensors checkpoint shards:  98% Completed | 201/206 [05:41<01:29, 17.95s/it]
T+0407s available=46.3GiB | (Worker_TP0_EP0 pid=441) Loading safetensors checkpoint shards:  98% Completed | 201/206 [05:41<01:29, 17.95s/it]
T+0409s available=46.0GiB | (Worker_TP0_EP0 pid=441) Loading safetensors checkpoint shards:  98% Completed | 201/206 [05:41<01:29, 17.95s/it]
T+0411s available=45.7GiB | (Worker_TP0_EP0 pid=441) Loading safetensors checkpoint shards:  98% Completed | 201/206 [05:41<01:29, 17.95s/it]
T+0413s available=45.4GiB | (Worker_TP0_EP0 pid=441) Loading safetensors checkpoint shards:  98% Completed | 201/206 [05:41<01:29, 17.95s/it]
T+0415s available=45.0GiB | (Worker_TP0_EP0 pid=441) Loading safetensors checkpoint shards:  98% Completed | 201/206 [05:41<01:29, 17.95s/it]
T+0417s available=44.9GiB | (Worker_TP0_EP0 pid=441) Loading safetensors checkpoint shards:  98% Completed | 201/206 [05:41<01:29, 17.95s/it]
T+0419s available=44.6GiB | (Worker_TP0_EP0 pid=441) Loading safetensors checkpoint shards:  98% Completed | 201/206 [05:41<01:29, 17.95s/it]
T+0421s available=44.3GiB | (Worker_TP0_EP0 pid=441) Loading safetensors checkpoint shards:  98% Completed | 201/206 [05:41<01:29, 17.95s/it]
T+0423s available=44.0GiB | (Worker_TP0_EP0 pid=441) Loading safetensors checkpoint shards:  98% Completed | 201/206 [05:41<01:29, 17.95s/it]
T+0425s available=43.8GiB | (Worker_TP0_EP0 pid=441) Loading safetensors checkpoint shards:  98% Completed | 201/206 [05:41<01:29, 17.95s/it]
T+0427s available=43.5GiB | (Worker_TP0_EP0 pid=441) Loading safetensors checkpoint shards:  98% Completed | 201/206 [05:41<01:29, 17.95s/it]
T+0429s available=43.3GiB | (Worker_TP0_EP0 pid=441) Loading safetensors checkpoint shards:  98% Completed | 201/206 [05:41<01:29, 17.95s/it]
T+0431s available=43.0GiB | (Worker_TP0_EP0 pid=441) Loading safetensors checkpoint shards:  98% Completed | 201/206 [05:41<01:29, 17.95s/it]
T+0433s available=42.7GiB | (Worker_TP0_EP0 pid=441) Loading safetensors checkpoint shards:  98% Completed | 201/206 [05:41<01:29, 17.95s/it]
T+0435s available=47.3GiB | (Worker_TP0_EP0 pid=441) Loading safetensors checkpoint shards:  98% Completed | 202/206 [06:17<01:32, 23.11s/it]
T+0437s available=47.0GiB | (Worker_TP0_EP0 pid=441) Loading safetensors checkpoint shards:  98% Completed | 202/206 [06:17<01:32, 23.11s/it]
T+0439s available=46.7GiB | (Worker_TP0_EP0 pid=441) Loading safetensors checkpoint shards:  98% Completed | 202/206 [06:17<01:32, 23.11s/it]
T+0442s available=46.4GiB | (Worker_TP0_EP0 pid=441) Loading safetensors checkpoint shards:  98% Completed | 202/206 [06:17<01:32, 23.11s/it]
T+0444s available=46.1GiB | (Worker_TP0_EP0 pid=441) Loading safetensors checkpoint shards:  98% Completed | 202/206 [06:17<01:32, 23.11s/it]
T+0446s available=45.8GiB | (Worker_TP0_EP0 pid=441) Loading safetensors checkpoint shards:  98% Completed | 202/206 [06:17<01:32, 23.11s/it]
T+0448s available=45.5GiB | (Worker_TP0_EP0 pid=441) Loading safetensors checkpoint shards:  98% Completed | 202/206 [06:17<01:32, 23.11s/it]
T+0450s available=45.2GiB | (Worker_TP0_EP0 pid=441) Loading safetensors checkpoint shards:  98% Completed | 202/206 [06:17<01:32, 23.11s/it]
T+0452s available=45.0GiB | (Worker_TP0_EP0 pid=441) Loading safetensors checkpoint shards:  98% Completed | 202/206 [06:17<01:32, 23.11s/it]
T+0454s available=44.7GiB | (Worker_TP0_EP0 pid=441) Loading safetensors checkpoint shards:  98% Completed | 202/206 [06:17<01:32, 23.11s/it]
T+0456s available=44.4GiB | (Worker_TP0_EP0 pid=441) Loading safetensors checkpoint shards:  98% Completed | 202/206 [06:17<01:32, 23.11s/it]
T+0458s available=44.1GiB | (Worker_TP0_EP0 pid=441) Loading safetensors checkpoint shards:  98% Completed | 202/206 [06:17<01:32, 23.11s/it]
T+0460s available=43.8GiB | (Worker_TP0_EP0 pid=441) Loading safetensors checkpoint shards:  98% Completed | 202/206 [06:17<01:32, 23.11s/it]
T+0462s available=43.5GiB | (Worker_TP0_EP0 pid=441) Loading safetensors checkpoint shards:  98% Completed | 202/206 [06:17<01:32, 23.11s/it]
T+0464s available=47.4GiB | (Worker_TP0_EP0 pid=441) Loading safetensors checkpoint shards:  99% Completed | 203/206 [06:45<01:14, 24.82s/it]
T+0466s available=47.4GiB | (Worker_TP0_EP0 pid=441) Loading safetensors checkpoint shards:  99% Completed | 204/206 [06:48<00:36, 18.31s/it]
T+0468s available=47.1GiB | (Worker_TP0_EP0 pid=441) Loading safetensors checkpoint shards:  99% Completed | 204/206 [06:48<00:36, 18.31s/it]
T+0470s available=47.2GiB | (Worker_TP0_EP0 pid=441) Loading safetensors checkpoint shards: 100% Completed | 205/206 [06:51<00:13, 13.63s/it]
T+0472s available=43.7GiB | (Worker_TP0_EP0 pid=441) INFO 09-07 21:31:55 [nvfp4.py:564] Using MoEPrepareAndFinalizeNoDPEPModular
T+0474s available=37.2GiB | (Worker_TP0_EP0 pid=441) INFO 09-07 21:31:55 [nvfp4.py:564] Using MoEPrepareAndFinalizeNoDPEPModular
T+0476s available=30.1GiB | (Worker_TP0_EP0 pid=441) INFO 09-07 21:31:55 [nvfp4.py:564] Using MoEPrepareAndFinalizeNoDPEPModular
T+0478s available=46.6GiB | (Worker_TP0_EP0 pid=441) INFO 09-07 21:31:55 [nvfp4.py:564] Using MoEPrepareAndFinalizeNoDPEPModular
T+0480s available=34.0GiB | (Worker_TP0_EP0 pid=441) INFO 09-07 21:31:55 [nvfp4.py:564] Using MoEPrepareAndFinalizeNoDPEPModular
T+0482s available=46.1GiB | [rank0]:[W907 21:32:05.101365999 ProcessGroupNCCL.cpp:1624] Warning: WARNING: destroy_process_group() was not called before program exit, which can leak resourc
T+0484s available=113.0GiB | (EngineCore pid=369) Exception: WorkerProc initialization failed due to an exception in a background process. See stack trace for root cause.
T+0486s available=113.9GiB | (APIServer pid=1) RuntimeError: Engine core initialization failed. See root cause above. Failed core proc(s): {}
T+0488s available=115.4GiB | (APIServer pid=1) RuntimeError: Engine core initialization failed. See root cause above. Failed core proc(s): {}
container gone at T+488s
